// Jest Snapshot v1, https://goo.gl/fbAQLP

exports[`<Posts /> should match snapshot 1`] = `
<div
  class="posts"
>
  <div
    class="post"
  >
    <img
      alt="title 1"
      src="img/img1.png"
    />
    <div
      class="post-content"
    >
      <h2>
        title 1
      </h2>
      <p>
        body 
      </p>
    </div>
  </div>
  <div
    class="post"
  >
    <img
      alt="title 2"
      src="img/img1.png"
    />
    <div
      class="post-content"
    >
      <h2>
        title 2
      </h2>
      <p>
        body 
      </p>
    </div>
  </div>
  <div
    class="post"
  >
    <img
      alt="title 3"
      src="img/img1.png"
    />
    <div
      class="post-content"
    >
      <h2>
        title 3
      </h2>
      <p>
        body 
      </p>
    </div>
  </div>
</div>
`;
